<area shape="rect" href="$classImage.html#2b7a8efd57ba635958dfe126e59d8c70" title="Returns a constant pointer to the underlying Matlab array." alt="" coords="492,69,639,96">
<area shape="rect" href="$classImage.html#6da101e823ef20810d8fb08e8a856584" title="Initializes from a two&#45;dimensional Matlab array." alt="" coords="173,56,285,83">
<area shape="rect" href="$classImage.html#02d05b5c1bbd2c600adc76e5123bdaf9" title="Returns whether the Image is initialized." alt="" coords="501,145,629,172">
<area shape="rect" href="$classImage.html#9987bf538358f25470af7d628e97694a" title="Returns a read/write iterator to the beginning of the Image data." alt="" coords="336,5,440,32">
<area shape="rect" href="$classImage.html#03b6118e39e68aedf9f6242477ba6704" title="Returns the number of pixels in the Image." alt="" coords="335,56,441,83">
<area shape="rect" href="$classImage.html#eef0da5d895782bbb9ce3a17b538cf1b" title="Returns a pointer to the underlying Matlab array." alt="" coords="509,5,621,32">
