<area shape="rect" href="$classImage.html#45dd31ebd02682c5963858f62aa53dd9" title="Returns the height of the Image." alt="" coords="363,208,483,235">
<area shape="rect" href="$classImage.html#02d05b5c1bbd2c600adc76e5123bdaf9" title="Returns whether the Image is initialized." alt="" coords="541,157,669,184">
<area shape="rect" href="$classImage.html#bee8688a02ae73af6ee8cb5a7d664ff6" title="Returns a pixel value by index." alt="" coords="213,120,315,147">
<area shape="rect" href="$classImage.html#dbe5f8b9f79338c7eb6a66bdc69ca0b7" title="Returns the width of the Image." alt="" coords="365,5,480,32">
<area shape="rect" href="$classImage.html#2b7a8efd57ba635958dfe126e59d8c70" title="Returns a constant pointer to the underlying Matlab array." alt="" coords="532,81,679,108">
<area shape="rect" href="$classImage.html#41f3b405c696797677f2f9c797c00e43" title="Returns a read&#45;only iterator to the beginning of the Image data." alt="" coords="375,56,471,83">
<area shape="rect" href="$classImage.html#03b6118e39e68aedf9f6242477ba6704" title="Returns the number of pixels in the Image." alt="" coords="369,107,476,133">
