<area shape="rect" href="$Filters_8cpp.html#40cfbd12584dfa6a575c85c97a03aa18" title="2d convolution that avoids bleeding energy over the edge." alt="" coords="156,107,300,133">
<area shape="rect" href="$classMexParams.html#6b95a9a99fb8c1530b6985b63d1d814b" title="Returns one of the input variables." alt="" coords="156,157,300,184">
<area shape="rect" href="$classMexParams.html#ca1030087a28bd08892789c1ae0379d2" title="Sets an output variable to a mxArray." alt="" coords="151,208,305,235">
<area shape="rect" href="$classImage.html#41f3b405c696797677f2f9c797c00e43" title="Returns a read&#45;only iterator to the beginning of the Image data." alt="" coords="367,5,463,32">
<area shape="rect" href="$classImage.html#9987bf538358f25470af7d628e97694a" title="Returns a read/write iterator to the beginning of the Image data." alt="" coords="363,208,467,235">
<area shape="rect" href="$classImage.html#45dd31ebd02682c5963858f62aa53dd9" title="Returns the height of the Image." alt="" coords="355,107,475,133">
<area shape="rect" href="$classImage.html#02d05b5c1bbd2c600adc76e5123bdaf9" title="Returns whether the Image is initialized." alt="" coords="533,107,661,133">
<area shape="rect" href="$classImage.html#dbe5f8b9f79338c7eb6a66bdc69ca0b7" title="Returns the width of the Image." alt="" coords="357,56,472,83">
<area shape="rect" href="$classImage.html#2b7a8efd57ba635958dfe126e59d8c70" title="Returns a constant pointer to the underlying Matlab array." alt="" coords="524,56,671,83">
<area shape="rect" href="$classImage.html#eef0da5d895782bbb9ce3a17b538cf1b" title="Returns a pointer to the underlying Matlab array." alt="" coords="541,208,653,235">
